# DefenseClaw OmniGent agent for OpenShell sandboxes (root-owned).
# OpenShell is the sandbox: OmniGent's own bubblewrap sandbox cannot nest
# inside it, so the shell runs in the caller process. Every request, model
# call and tool call still passes the DefenseClaw policy the server loads.
spec_version: 1
name: defenseclaw-sandbox
description: >-
  Coding agent for DefenseClaw OpenShell sandboxes, with a shell and file
  tools in the working directory.
executor:
  type: omnigent
  config:
    harness: openai-agents
os_env:
  type: caller_process
  cwd: .
  sandbox:
    type: none
prompt: |
  You are a coding agent working in the current directory, which is the
  user's project inside a DefenseClaw OpenShell sandbox. Use your sys_os_*
  tools to read, edit and run what the task needs.
