#!/bin/bash -p
# defenseclaw-managed-hook v6
# DefenseClaw Hermes hook — forwards Hermes shell-hook payloads to the
# DefenseClaw gateway.
set -euo pipefail
# Windows: HOME may be unset when agents spawn hooks. Fall back to USERPROFILE.
HOME="${HOME:-${USERPROFILE:-$(cd ~ 2>/dev/null && pwd)}}"
export HOME

HOOK_SOURCE="${BASH_SOURCE[0]:-$0}"
HOOK_LINK_DEPTH=0
while [ -L "$HOOK_SOURCE" ]; do
  HOOK_LINK_DEPTH=$((HOOK_LINK_DEPTH + 1))
  [ "$HOOK_LINK_DEPTH" -le 40 ] || exit 2
  HOOK_PARENT="${HOOK_SOURCE%/*}"
  [ "$HOOK_PARENT" != "$HOOK_SOURCE" ] || HOOK_PARENT="."
  HOOK_BASE="$(cd -P -- "$HOOK_PARENT" 2>/dev/null && pwd)" || exit 2
  if [ -x /usr/bin/readlink ]; then
    HOOK_TARGET="$(/usr/bin/readlink -- "$HOOK_SOURCE")" || exit 2
  elif [ -x /bin/readlink ]; then
    HOOK_TARGET="$(/bin/readlink -- "$HOOK_SOURCE")" || exit 2
  else
    exit 2
  fi
  case "$HOOK_TARGET" in
    /*) HOOK_SOURCE="$HOOK_TARGET" ;;
    *) HOOK_SOURCE="$HOOK_BASE/$HOOK_TARGET" ;;
  esac
done
HOOK_PARENT="${HOOK_SOURCE%/*}"
[ "$HOOK_PARENT" != "$HOOK_SOURCE" ] || HOOK_PARENT="."
HOOK_DIR="$(cd -P -- "$HOOK_PARENT" 2>/dev/null && pwd)" || exit 2
unset HOOK_SOURCE HOOK_LINK_DEPTH HOOK_PARENT HOOK_BASE HOOK_TARGET

DEFENSECLAW_MANAGED_HOOK=1
export DEFENSECLAW_MANAGED_HOOK
DEFENSECLAW_HOME="$(cd "${HOOK_DIR}/.." && pwd -P)"
export DEFENSECLAW_HOME


# Plan B4 / S0.4: shell-side hook hardening — sourced BEFORE the
# missing-token branch so the bypass goes through
# defenseclaw_handle_missing_token and honors
# DEFENSECLAW_STRICT_AVAILABILITY (matches claude-code-hook /
# codex-hook). Hardening only mutates env that downstream code
# controls (HOME, PATH, locale, GIT_*); none of the subsequent
# token-resolution logic depends on the operator's original PATH or
# HOME.
. "${HOOK_DIR}/_hardening.sh"
# OpenShell sandbox: _sandbox.sh drops every inherited variable the hook
# does not read and pins the baked PATH before the first child process
# (mktemp in defenseclaw_harden_env) or helper call.
. "${HOOK_DIR}/_sandbox.sh"
defenseclaw_harden_resources
defenseclaw_harden_env

# FAIL_MODE set BEFORE the missing-token check so the helper has a
# stable FAIL_MODE to log against. Response-layer and transport-layer
# failures respect FAIL_MODE; DEFENSECLAW_STRICT_AVAILABILITY=1 remains
# a force-closed override.
# OpenShell sandbox hooks always fail closed, with no environment override:
# the workload can make the ingress, or the relay in front of it, answer any
# status, so no failed, refused or unparseable reply may turn into an allow.
# Hermes ignores a hook's exit status and treats a timeout or a spawn error
# as "no opinion", so the only fail-closed signal it honours is a block
# directive on stdout: every failure below prints one before it exits.
FAIL_MODE="closed"
readonly FAIL_MODE

hermes_sandbox_block() {
  defenseclaw_log_hook_failure hermes hermes-hook "$1" "$2" closed
  echo "defenseclaw: hermes hook: $1, blocking (sandbox hooks fail closed)" >&2
  printf '{"action":"block","message":"%s"}\n' "$(defenseclaw_json_escape "DefenseClaw blocked this tool call because its policy check failed: $1")"
  exit 2
}

# Bail early on missing token via the shared helper so the bypass is
# logged to hook-failures.jsonl AND honors strict availability — the
# previous v1 behaviour silently `exit 0`'d, which hid the bypass and
# defeated DEFENSECLAW_STRICT_AVAILABILITY.
DEFENSECLAW_HOOK_CONNECTOR="hermes"
DEFENSECLAW_HOOK_NAME="hermes-hook"
export DEFENSECLAW_HOOK_CONNECTOR DEFENSECLAW_HOOK_NAME

# The binding token is the only credential a sandbox hook may present.
case "${DEFENSECLAW_SANDBOX_TOKEN:-}" in
  '') hermes_sandbox_block "missing sandbox binding token (DEFENSECLAW_SANDBOX_TOKEN unset)" transport ;;
  *$'\n'*|*$'\r'*) hermes_sandbox_block "malformed sandbox binding token" transport ;;
esac

PAYLOAD="$(defenseclaw_read_stdin_capped)" || hermes_sandbox_block "hook payload too large" response
API_ADDR="host.openshell.internal:18971"

# The per-sandbox binding token is an OpenShell provider placeholder; the
# supervisor substitutes the real credential only on the ingress endpoint.
API_TOKEN="${DEFENSECLAW_SANDBOX_TOKEN}"

fail_unreachable() {
  hermes_sandbox_block "$1" transport
}

fail_response() {
  hermes_sandbox_block "$(defenseclaw_response_failure_reason "$1")" response
}

AUTH_HEADER_ARGS=()
if [ -n "${API_TOKEN}" ]; then
  AUTH_HEADER_ARGS=(-H "Authorization: Bearer ${API_TOKEN}")
fi

# W3C trace propagation: forward validated traceparent / tracestate via _hardening.sh v6.
TRACE_HEADER_ARGS=()
if command -v mapfile >/dev/null 2>&1; then
  mapfile -t TRACE_HEADER_ARGS < <(defenseclaw_extract_trace_context)
fi

# Per-user attribution: the gateway cannot read the real user's identity from
# its own service-account process, so the hook reports it.
# Read with a read loop rather than mapfile: macOS ships bash 3.2, which has
# no mapfile, and there the array would stay empty and the endpoint would send
# no identity at all.
IDENTITY_HEADER_ARGS=()
if declare -F defenseclaw_user_identity_args >/dev/null 2>&1; then
  while IFS= read -r identity_header_arg; do
    IDENTITY_HEADER_ARGS+=("$identity_header_arg")
  done < <(defenseclaw_user_identity_args)
fi

# One short attempt plus one retry carrying the same idempotency key: the
# OpenShell relay occasionally drops a request, and the ingress dedupes by key.
RESPONSE="$(defenseclaw_sandbox_post "/api/v1/hermes/hook" "$PAYLOAD" \
  "$DC_SANDBOX_MAX_TIME" "$DC_SANDBOX_RETRY_MAX_TIME" \
  -H "Content-Type: application/json" \
  -H "X-DefenseClaw-Client: hermes-hook/1.0" \
  "${AUTH_HEADER_ARGS[@]+"${AUTH_HEADER_ARGS[@]}"}" \
  "${TRACE_HEADER_ARGS[@]+"${TRACE_HEADER_ARGS[@]}"}" \
  "${IDENTITY_HEADER_ARGS[@]+"${IDENTITY_HEADER_ARGS[@]}"}")" || {
  fail_unreachable "sandbox ingress unreachable"
}

HTTP_CODE=$(echo "$RESPONSE" | tail -1)
RESULT=$(echo "$RESPONSE" | sed '$d')

if [ -z "$HTTP_CODE" ]; then
  fail_unreachable "gateway returned no HTTP status"
elif [ "$HTTP_CODE" -ge 500 ] 2>/dev/null && [ "$HTTP_CODE" -lt 600 ] 2>/dev/null; then
  fail_unreachable "gateway returned HTTP ${HTTP_CODE}"
elif [ "$HTTP_CODE" -lt 200 ] 2>/dev/null || [ "$HTTP_CODE" -ge 300 ] 2>/dev/null; then
  fail_response "gateway returned HTTP ${HTTP_CODE}"
fi

OUTPUT=$(echo "$RESULT" | _dc_jq -c '.hook_output // empty' 2>/dev/null) || {
  fail_response "invalid JSON response"
}
# Every DefenseClaw verdict names its action: an empty or unknown one is a
# reply the workload may have shaped, never an allow. A block without a
# rendered directive still has to reach Hermes as one on stdout.
ACTION=$(echo "$RESULT" | _dc_jq -r '.action // empty' 2>/dev/null) || {
  fail_response "failed to parse action from response"
}
case "$ACTION" in
  allow|alert|confirm|continue) ;;
  block)
    if [ -z "$OUTPUT" ] || [ "$OUTPUT" = "null" ]; then
      REASON=$(echo "$RESULT" | _dc_jq -r '.reason // empty' 2>/dev/null) || REASON=""
      if [ -z "$REASON" ]; then
        REASON="Blocked by DefenseClaw Hermes policy."
      fi
      OUTPUT="$(printf '{"action":"block","message":"%s"}' "$(defenseclaw_json_escape "$REASON")")"
    fi
    ;;
  *) fail_response "invalid or missing action in gateway response" ;;
esac
if [ -n "$OUTPUT" ] && [ "$OUTPUT" != "null" ]; then
  echo "$OUTPUT"
fi
exit 0
