{
  "hooks": {
    "PermissionRequest": [
      {
        "hooks": [
          {
            "command": "/usr/local/lib/defenseclaw/hooks/devin-hook.sh",
            "timeout": 30,
            "type": "command"
          }
        ],
        "matcher": ""
      }
    ],
    "PostCompaction": [
      {
        "hooks": [
          {
            "command": "/usr/local/lib/defenseclaw/hooks/devin-hook.sh",
            "timeout": 30,
            "type": "command"
          }
        ],
        "matcher": ""
      }
    ],
    "PostToolUse": [
      {
        "hooks": [
          {
            "command": "/usr/local/lib/defenseclaw/hooks/devin-hook.sh",
            "timeout": 30,
            "type": "command"
          }
        ],
        "matcher": ""
      }
    ],
    "PreToolUse": [
      {
        "hooks": [
          {
            "command": "/usr/local/lib/defenseclaw/hooks/devin-hook.sh",
            "timeout": 30,
            "type": "command"
          }
        ],
        "matcher": ""
      }
    ],
    "SessionEnd": [
      {
        "hooks": [
          {
            "command": "/usr/local/lib/defenseclaw/hooks/devin-hook.sh",
            "timeout": 30,
            "type": "command"
          }
        ],
        "matcher": ""
      }
    ],
    "SessionStart": [
      {
        "hooks": [
          {
            "command": "/usr/local/lib/defenseclaw/hooks/devin-hook.sh",
            "timeout": 30,
            "type": "command"
          }
        ],
        "matcher": ""
      }
    ],
    "Stop": [
      {
        "hooks": [
          {
            "command": "/usr/local/lib/defenseclaw/hooks/devin-hook.sh",
            "timeout": 30,
            "type": "command"
          }
        ],
        "matcher": ""
      }
    ],
    "UserPromptSubmit": [
      {
        "hooks": [
          {
            "command": "/usr/local/lib/defenseclaw/hooks/devin-hook.sh",
            "timeout": 30,
            "type": "command"
          }
        ],
        "matcher": ""
      }
    ]
  }
}
